<!DOCTYPE html>
<html lang="en">
<head>
  <meta charset="utf-8">
<!-- test.qdoc -->
  <title>Testing the \tm command | TrademarkCommand</title>
</head>
<body>
<div class="sidebar">
<div class="toc">
<h3 id="toc">Contents</h3>
<ul>
<li class="level1"><a href="#acme-corp"> Acme corp</a></li>
</ul>
</div>
<div class="sidebar-content" id="sidebar-content"></div></div>
<h1 class="title">Testing the \tm command</h1>
<!-- $$$trademark-test.html-description -->
<div class="descr" id="details">
<p>Acme<a href="trademarks.html">&#8482;</a> is a trademark.</p>
<h2 id="acme-corp"> Acme corp</h2>
<p>Acme, the Acme Anvil<a href="trademarks.html">&#8482;</a>, and `It Rings Like a Bell!`<a href="trademarks.html">&#8482;</a> are trademarks of the <i>Acme corp</i>.</p>
</div>
<!-- @@@trademark-test.html -->
</body>
</html>
