<!DOCTYPE html>
<html lang="en">
<head>
  <meta charset="utf-8">
<!-- modules.qdoc -->
  <title>QML Modules | Test</title>
</head>
<body>
<div class="sidebar">
<div class="toc">
<h3 id="toc">Contents</h3>
<ul>
<li class="level1"><a href="#examples">Examples</a></li>
</ul>
</div>
<div class="sidebar-content" id="sidebar-content"></div></div>
<h1 class="title">QML Modules</h1>
<!-- $$$qmlmodules.html-description -->
<div class="descr" id="details">
<div class="table"><table class="annotated">
<tr class="odd topAlign"><td class="tblName" translate="no"><p><a href="test-empty-qmlmodule.html">No QML Types Here</a></p></td><td class="tblDescr"><p>A QML module with no member types.</p></td></tr>
<tr class="even topAlign"><td class="tblName" translate="no"><p><a href="qdoc-test-qmlmodule.html">QDoc.Test QML Module</a></p></td><td class="tblDescr"><p>QML Types for the Test module.</p></td></tr>
<tr class="odd topAlign"><td class="tblName" translate="no"><p><a href="uicomponents-qmlmodule.html">UI Components</a></p></td><td class="tblDescr"><p>Basic set of UI components.</p></td></tr>
<tr class="even topAlign"><td class="tblName" translate="no"><p><a href="test-nover-qmlmodule.html">Versionless QML Module</a></p></td><td class="tblDescr"><p>QML Types for the Test module without version.</p></td></tr>
</table></div>
<h2 id="examples">Examples</h2>
<ul>
<li><a href="test-componentset-example.html">QML Documentation Example</a></li>
</ul>
</div>
<!-- @@@qmlmodules.html -->
</body>
</html>
