<?xml version="1.0" encoding="UTF-8"?>
<db:article xmlns:db="http://docbook.org/ns/docbook" xmlns:xlink="http://www.w3.org/1999/xlink" version="5.2" xml:lang="en">
<db:info>
<db:title>Document Navigation</db:title>
<db:productname>OutputFromQDocFiles</db:productname>
<db:edition>OutputFromQDocFiles - A test project for QDoc build artifacts</db:edition>
<db:titleabbrev>A test project for QDoc build artifacts</db:titleabbrev>
<db:abstract>
<db:para>A test project for QDoc build artifacts.</db:para></db:abstract>
</db:info>
<db:para>The navigation commands...</db:para>
<db:blockquote>        &lt;table border=&quot;0&quot; cellpadding=&quot;0&quot; cellspacing=&quot;5&quot; width=&quot;100%&quot;&gt;

        &lt;tr&gt;
        &lt;p&gt;
        [Previous: &lt;a href=&quot;15-qdoc-commands-navigation.html#deadlink&quot;&gt;
        Basic Qt&lt;/a&gt;]
        [&lt;a href=&quot;15-qdoc-commands-navigation.html#deadlink&quot;&gt;Contents&lt;/a&gt;]
        [Next: &lt;a href=&quot;15-qdoc-commands-navigation.html#deadlink&quot;&gt;
        Creating Dialogs&lt;/a&gt;]
        &lt;/p&gt;

        &lt;h1 align=&quot;center&quot;&gt;Getting Started&lt;br /&gt;&lt;/h1&gt;

        &lt;p&gt;
        This chapter shows how to combine basic C++ with the
        functionality provided by Qt to create a few small graphical
        interface (GUI) applications.
        &lt;/p&gt;

        &lt;p&gt;
        [Previous: &lt;a href=&quot;15-qdoc-commands-navigation.html#deadlink&quot;&gt;
        Basic Qt&lt;/a&gt;]
        [&lt;a href=&quot;15-qdoc-commands-navigation.html#deadlink&quot;&gt;Contents&lt;/a&gt;]
        [Next: &lt;a href=&quot;15-qdoc-commands-navigation.html#deadlink&quot;&gt;
        Creating Dialogs&lt;/a&gt;]
        &lt;/p&gt;

        &lt;/table&gt;
    </db:blockquote>
<db:programlisting language="cpp">&amp;lt;head&amp;gt;
    ...
    &amp;lt;link rel=&amp;quot;start&amp;quot; href=&amp;quot;basicqt.html&amp;quot; /&amp;gt;
    ...
&amp;lt;/head&amp;gt;
</db:programlisting>
<db:section xml:id="commands">
<db:title>Commands</db:title>
<db:anchor xml:id="previouspage-command"/>
<db:section xml:id="previouspage">
<db:title>\previouspage</db:title>
<db:para>The \previouspage command...</db:para>
</db:section>
</db:section>
</db:article>
