<?xml version="1.0" encoding="UTF-8"?>
<db:article xmlns:db="http://docbook.org/ns/docbook" xmlns:xlink="http://www.w3.org/1999/xlink" version="5.2" xml:lang="en">
<db:info>
<db:title>QML Modules</db:title>
<db:productname>Test</db:productname>
<db:titleabbrev>A test project for QDoc build artifacts</db:titleabbrev>
<db:abstract>
<db:para>A test project for QDoc build artifacts.</db:para></db:abstract>
</db:info>
<db:variablelist role="qml-modules">
<db:varlistentry>
<db:term><db:link xlink:href="test-empty-qmlmodule.xml" xlink:role="">No QML Types Here</db:link></db:term>
<db:listitem>
<db:para>A QML module with no member types.</db:para>
</db:listitem>
</db:varlistentry>
<db:varlistentry>
<db:term><db:link xlink:href="qdoc-test-qmlmodule.xml" xlink:role="">QDoc.Test QML Module</db:link></db:term>
<db:listitem>
<db:para>QML Types for the Test module.</db:para>
</db:listitem>
</db:varlistentry>
<db:varlistentry>
<db:term><db:link xlink:href="uicomponents-qmlmodule.xml" xlink:role="">UI Components</db:link></db:term>
<db:listitem>
<db:para>Basic set of UI components.</db:para>
</db:listitem>
</db:varlistentry>
<db:varlistentry>
<db:term><db:link xlink:href="test-nover-qmlmodule.xml" xlink:role="">Versionless QML Module</db:link></db:term>
<db:listitem>
<db:para>QML Types for the Test module without version.</db:para>
</db:listitem>
</db:varlistentry>
</db:variablelist>
<db:section xml:id="examples">
<db:title>Examples</db:title>
<db:variablelist role="category Application Example">
<db:listitem>
<db:para><db:link xlink:href="test-componentset-example.xml" xlink:role="page">QML Documentation Example</db:link></db:para>
</db:listitem>
</db:variablelist>
</db:section>
</db:article>
