<!DOCTYPE html>
<html lang="en">
<head>
  <meta charset="utf-8">
<!-- qdoctests-outputfromqdocfiles.qdoc -->
  <title>Table of Contents | OutputFromQDocFiles</title>
</head>
<body>
<li><a href="toc-test.html" translate="no">TOC</a></li>
<li>Table of Contents</li>
<li id="buildversion">OutputFromQDocFiles - A test project for QDoc build artifacts</li>
  <link rel="prev" href="" />
<p class="naviNextPrevious headerNavi">
<a class="prevPage" href="">Random page</a>
</p>
<div class="sidebar"><div class="sidebar-content" id="sidebar-content"></div></div>
<h1 class="title">Table of Contents</h1>
<!-- $$$toc.html-description -->
<div class="descr" id="details">
<ul>
<li><a href="qdoctests-qdocfileoutput.html" translate="no">QDoc Testing</a></li>
<li><a href="qdoctests-qdocfileoutput-linking.html" translate="no">QDoc Linking Test</a></li>
<li><a href="toc.html" translate="no">Table of Contents</a></li>
</ul>
</div>
<!-- @@@toc.html -->
<p class="naviNextPrevious footerNavi">
<a class="prevPage" href="">Random page</a>
</p>
</body>
</html>
