<!DOCTYPE html>
<html lang="en">
<head>
  <meta charset="utf-8">
<!-- demo.qdoc -->
  <title>Demo | Test 0.0.1</title>
</head>
<body>
<h1 class="title">Demo</h1>
<pre class="cpp" translate="no">cmake_minimum_required(VERSION 3.16)
project (DONTXCLUDEDIRS_QDOCTEST)</pre>
