<!DOCTYPE html>
<html lang="en">
<head>
  <meta charset="utf-8">
<!-- cmaketest.qdoc -->
  <title>CMake Example Project | Test 0.0.1</title>
</head>
<body>
<h1 class="title">CMake Example Project</h1>
<pre class="cpp" translate="no"><span class="type">void</span> main(){}</pre>
