<?xml version="1.0" encoding="UTF-8"?>
<db:article xmlns:db="http://docbook.org/ns/docbook" xmlns:xlink="http://www.w3.org/1999/xlink" version="5.2" xml:lang="en">
<db:info>
<db:title>Testing the \tm command</db:title>
<db:productname>TrademarkCommand</db:productname>
<db:titleabbrev>TrademarkCommand Reference Documentation</db:titleabbrev>
<db:abstract>
<db:para>TrademarkCommand Reference Documentation.</db:para></db:abstract>
</db:info>
<db:para>Acme™ is a trademark.</db:para>
<db:section xml:id="acme-corp">
<db:title> Acme corp</db:title>
<db:para>Acme, the Acme Anvil™, and `It Rings Like a Bell!`™ are trademarks of the <db:emphasis>Acme corp</db:emphasis>.</db:para>
</db:section>
</db:article>
